------------------------------------------------------------
Timing Analyzer Summary
------------------------------------------------------------

Type  : Slow 1100mV 85C Model Setup 'RST'
Slack : -7.405
TNS   : -124.888

Type  : Slow 1100mV 85C Model Setup 'CLK_FPGA'
Slack : -5.907
TNS   : -93.146

Type  : Slow 1100mV 85C Model Setup 'PIN_M9'
Slack : -4.300
TNS   : -63.552

Type  : Slow 1100mV 85C Model Hold 'PIN_M9'
Slack : 0.427
TNS   : 0.000

Type  : Slow 1100mV 85C Model Hold 'RST'
Slack : 1.118
TNS   : 0.000

Type  : Slow 1100mV 85C Model Hold 'CLK_FPGA'
Slack : 1.559
TNS   : 0.000

Type  : Slow 1100mV 85C Model Recovery 'PIN_M9'
Slack : -2.623
TNS   : -47.102

Type  : Slow 1100mV 85C Model Removal 'PIN_M9'
Slack : 1.227
TNS   : 0.000

Type  : Slow 1100mV 85C Model Minimum Pulse Width 'CLK_FPGA'
Slack : -2.636
TNS   : -51.461

Type  : Slow 1100mV 85C Model Minimum Pulse Width 'RST'
Slack : -2.636
TNS   : -48.060

Type  : Slow 1100mV 85C Model Minimum Pulse Width 'PIN_M9'
Slack : -0.538
TNS   : -14.017

Type  : Slow 1100mV 0C Model Setup 'RST'
Slack : -6.971
TNS   : -119.365

Type  : Slow 1100mV 0C Model Setup 'CLK_FPGA'
Slack : -5.520
TNS   : -89.077

Type  : Slow 1100mV 0C Model Setup 'PIN_M9'
Slack : -4.035
TNS   : -60.564

Type  : Slow 1100mV 0C Model Hold 'PIN_M9'
Slack : 0.437
TNS   : 0.000

Type  : Slow 1100mV 0C Model Hold 'RST'
Slack : 0.927
TNS   : 0.000

Type  : Slow 1100mV 0C Model Hold 'CLK_FPGA'
Slack : 1.387
TNS   : 0.000

Type  : Slow 1100mV 0C Model Recovery 'PIN_M9'
Slack : -2.361
TNS   : -42.383

Type  : Slow 1100mV 0C Model Removal 'PIN_M9'
Slack : 0.917
TNS   : 0.000

Type  : Slow 1100mV 0C Model Minimum Pulse Width 'CLK_FPGA'
Slack : -2.636
TNS   : -51.850

Type  : Slow 1100mV 0C Model Minimum Pulse Width 'RST'
Slack : -2.636
TNS   : -48.089

Type  : Slow 1100mV 0C Model Minimum Pulse Width 'PIN_M9'
Slack : -0.538
TNS   : -14.206

Type  : Fast 1100mV 85C Model Setup 'RST'
Slack : -3.797
TNS   : -63.911

Type  : Fast 1100mV 85C Model Setup 'CLK_FPGA'
Slack : -2.927
TNS   : -46.090

Type  : Fast 1100mV 85C Model Setup 'PIN_M9'
Slack : -2.583
TNS   : -33.518

Type  : Fast 1100mV 85C Model Hold 'PIN_M9'
Slack : 0.108
TNS   : 0.000

Type  : Fast 1100mV 85C Model Hold 'CLK_FPGA'
Slack : 0.473
TNS   : 0.000

Type  : Fast 1100mV 85C Model Hold 'RST'
Slack : 0.545
TNS   : 0.000

Type  : Fast 1100mV 85C Model Recovery 'PIN_M9'
Slack : -1.572
TNS   : -28.261

Type  : Fast 1100mV 85C Model Removal 'PIN_M9'
Slack : 0.382
TNS   : 0.000

Type  : Fast 1100mV 85C Model Minimum Pulse Width 'CLK_FPGA'
Slack : -2.174
TNS   : -43.990

Type  : Fast 1100mV 85C Model Minimum Pulse Width 'RST'
Slack : -2.174
TNS   : -37.344

Type  : Fast 1100mV 85C Model Minimum Pulse Width 'PIN_M9'
Slack : -0.097
TNS   : -1.737

Type  : Fast 1100mV 0C Model Setup 'RST'
Slack : -3.204
TNS   : -54.488

Type  : Fast 1100mV 0C Model Setup 'CLK_FPGA'
Slack : -2.426
TNS   : -38.765

Type  : Fast 1100mV 0C Model Setup 'PIN_M9'
Slack : -2.243
TNS   : -29.738

Type  : Fast 1100mV 0C Model Hold 'PIN_M9'
Slack : 0.068
TNS   : 0.000

Type  : Fast 1100mV 0C Model Hold 'RST'
Slack : 0.385
TNS   : 0.000

Type  : Fast 1100mV 0C Model Hold 'CLK_FPGA'
Slack : 0.435
TNS   : 0.000

Type  : Fast 1100mV 0C Model Recovery 'PIN_M9'
Slack : -1.340
TNS   : -24.077

Type  : Fast 1100mV 0C Model Removal 'PIN_M9'
Slack : 0.215
TNS   : 0.000

Type  : Fast 1100mV 0C Model Minimum Pulse Width 'CLK_FPGA'
Slack : -2.174
TNS   : -43.412

Type  : Fast 1100mV 0C Model Minimum Pulse Width 'RST'
Slack : -2.174
TNS   : -37.151

Type  : Fast 1100mV 0C Model Minimum Pulse Width 'PIN_M9'
Slack : -0.098
TNS   : -1.738

------------------------------------------------------------
